
> my-project@0.1.0 build
> next build

⚠ Warning: Next.js inferred your workspace root, but it may not be correct.
 We detected multiple lockfiles and selected the directory of C:\Users\HP\package-lock.json as the root directory.
 To silence this warning, set `turbopack.root` in your Next.js config, or consider removing one of the lockfiles if it's not needed.
   See https://nextjs.org/docs/app/api-reference/config/next-config-js/turbopack#root-directory for more information.
 Detected additional lockfiles: 
   * C:\Users\HP\Downloads\africa-market-marketplace\pnpm-lock.yaml

▲ Next.js 16.1.6 (Turbopack)

  Creating an optimized production build ...
✓ Compiled successfully in 10.6s
  Skipping validation of types
  Collecting page data using 3 workers ...
  Generating static pages using 3 workers (0/17) ...
  Generating static pages using 3 workers (4/17) 
  Generating static pages using 3 workers (8/17) 
  Generating static pages using 3 workers (12/17) 
✓ Generating static pages using 3 workers (17/17) in 994.1ms
  Finalizing page optimization ...

Route (app)
┌ ○ /
├ ○ /_not-found
├ ○ /auth/login
├ ○ /cart
├ ○ /checkout
├ ○ /dashboard/admin
├ ○ /dashboard/buyer
├ ○ /dashboard/partner
├ ○ /dashboard/seller
├ ○ /faq
├ ƒ /listings/[id]
├ ○ /messages
├ ○ /pricing
├ ○ /privacy
├ ○ /profile
├ ○ /search
└ ○ /terms


○  (Static)   prerendered as static content
ƒ  (Dynamic)  server-rendered on demand

